
[TestGetComment/with_a_succesful_response - 1]
 
<html lang="en">
  <head>
    <title>Hackernews</title>
    <meta charset="UTF-8"/>
    <meta name="description" content="Hackernews example app in htmx and Go" lang="en"/>
    <link rel="icon" href="/assets/favicon.ico" type="image/x-icon">
    <script src="https://unpkg.com/htmx.org@1.9.4" integrity="sha384-zUfuhFKKZCbHTY6aRR46gxiqszMk5tcHjsVFxnUo8VMus4kHGVdIYVbOYYNlKmHV" crossorigin="anonymous"></script>
    <script src="https://unpkg.com/ulid@2.3.0/dist/index.umd.js"></script>
    <script src="/assets/scripts.js"></script>
    <link rel="stylesheet" href="/assets/main.css">
  </head>
  <body>
    <main>
      
<header class="topBar">
  
<a class="logo" href="/">
    <img src="/assets/y18.gif" />
    <span class="logo-caption">Hacker News</span>
</a>

</header>

      <section class="content">
        
  <article class="comment expanded">
      The link seems to be Slashdotted into oblivion.
      <footer>
          <span>CapitalistCartr</span>
          <span data-timestamp>1692369360</span>
          
      </footer>
      
      <section class="comments">
        
      </section>
      
  </article>

      </section>
    </main>
  </body>
</html>
 
---
