
[TestStoryView/when_the_view_renders_succesfully - 1]

  <article class="story">
      <a href="https://www.sjoerdlangkemper.nl/2023/08/16/session-timeout/" target="_blank" title="Short session expiration does not help security" class="title">Short session expiration does not help security</a>
      <footer>
          <span>191 points by ColinWright</span>
          <span data-timestamp>1692351932</span>
          
          <a href="/story/37173339">
            112 comments
          </a>
          
      </footer>
      
  </article>

---
